// Jest Snapshot v1, https://goo.gl/fbAQLP

exports[`<Form /> renders the <Form /> with populated data 1`] = `
<div
  class="form__Container-sc-7952rh-0 eRNium"
>
  <h1
    class="form__Title-sc-7952rh-3 jAOBPc"
  >
    Sign In Now
  </h1>
  <form
    class="form__Base-sc-7952rh-2 iJnVVX"
  >
    <input
      class="form__Input-sc-7952rh-7 eqOIMa"
      placeholder="Email Address"
    />
    <input
      class="form__Input-sc-7952rh-7 eqOIMa"
      placeholder="Password"
      type="password"
    />
    <button
      class="form__Submit-sc-7952rh-8 iWIiCh"
      disabled=""
      type="submit"
    >
      Sign In
    </button>
  </form>
  <p
    class="form__Text-sc-7952rh-4 ecOSyJ"
  >
    New to Netfix? 
  </p>
  <p
    class="form__TextSmall-sc-7952rh-5 iiTUC"
  >
    This page is protected by Google reCAPTCHA to ensure you're not a bot. Learn more.
  </p>
</div>
`;
